>NW_015504249.1 masked CHUNK number:0 size:3380749 offset:0
Einit	2207	3103	-	11.252	0	0	0	NW_015504249.1-snap.1
Einit	56877	56897	-	6.517	0	0	2	NW_015504249.1-snap.2
Exon	55163	55223	-	18.317	0	1	2	NW_015504249.1-snap.2
Eterm	49551	49789	-	15.318	2	0	2	NW_015504249.1-snap.2
Einit	77031	77363	-	22.911	0	0	2	NW_015504249.1-snap.3
Exon	75032	75514	-	8.126	0	0	0	NW_015504249.1-snap.3
Eterm	73137	73193	-	3.354	0	0	2	NW_015504249.1-snap.3
Einit	97388	97417	-	7.536	0	0	0	NW_015504249.1-snap.4
Exon	96774	96852	-	14.400	0	1	1	NW_015504249.1-snap.4
Exon	90583	90641	-	11.671	2	0	1	NW_015504249.1-snap.4
Exon	79428	79991	-	13.313	0	0	2	NW_015504249.1-snap.4
Eterm	79268	79297	-	12.840	0	0	0	NW_015504249.1-snap.4
Einit	114770	114818	-	11.855	0	1	2	NW_015504249.1-snap.5
Eterm	109889	110070	-	-4.758	2	0	0	NW_015504249.1-snap.5
Einit	132730	132790	-	6.623	0	1	0	NW_015504249.1-snap.6
Eterm	131139	131317	-	5.022	2	0	2	NW_015504249.1-snap.6
Einit	150775	150922	+	16.848	0	1	0	NW_015504249.1-snap.7
Exon	151140	151258	+	24.116	2	0	1	NW_015504249.1-snap.7
Exon	156987	157091	+	14.164	0	0	2	NW_015504249.1-snap.7
Eterm	158958	159065	+	11.419	0	0	2	NW_015504249.1-snap.7
Einit	214164	214496	-	22.999	0	0	2	NW_015504249.1-snap.8
Exon	173189	173284	-	15.474	0	0	0	NW_015504249.1-snap.8
Eterm	160622	160735	-	9.496	0	0	0	NW_015504249.1-snap.8
Einit	173465	173475	+	3.725	0	2	1	NW_015504249.1-snap.9
Exon	176254	176373	+	9.269	1	2	1	NW_015504249.1-snap.9
Exon	176922	176992	+	3.412	1	1	0	NW_015504249.1-snap.9
Eterm	215187	215320	+	12.664	2	0	1	NW_015504249.1-snap.9
Einit	283367	283399	-	5.380	0	0	0	NW_015504249.1-snap.10
Exon	218816	219379	-	13.313	0	0	0	NW_015504249.1-snap.10
Eterm	218656	218685	-	12.840	0	0	1	NW_015504249.1-snap.10
Einit	219959	220033	+	9.387	0	0	1	NW_015504249.1-snap.11
Exon	241925	242068	+	15.075	0	0	1	NW_015504249.1-snap.11
Exon	262575	262658	+	16.986	0	0	2	NW_015504249.1-snap.11
Eterm	351639	351743	+	14.607	0	0	2	NW_015504249.1-snap.11
Einit	509212	509216	-	5.040	0	2	2	NW_015504249.1-snap.12
Exon	505149	505237	-	18.963	1	1	1	NW_015504249.1-snap.12
Exon	476194	476289	-	23.580	2	1	0	NW_015504249.1-snap.12
Exon	460138	460176	-	16.108	2	1	0	NW_015504249.1-snap.12
Exon	451376	451416	-	15.472	2	0	0	NW_015504249.1-snap.12
Exon	423637	423675	-	17.032	0	0	1	NW_015504249.1-snap.12
Exon	395974	396110	-	18.909	0	2	2	NW_015504249.1-snap.12
Eterm	359293	359308	-	18.486	1	0	1	NW_015504249.1-snap.12
Einit	359861	359970	+	7.828	0	2	1	NW_015504249.1-snap.13
Exon	395177	395957	+	53.083	1	0	2	NW_015504249.1-snap.13
Exon	424864	425046	+	18.200	0	0	0	NW_015504249.1-snap.13
Exon	455997	456161	+	14.400	0	0	2	NW_015504249.1-snap.13
Exon	470750	470916	+	26.352	0	2	1	NW_015504249.1-snap.13
Eterm	476274	476355	+	16.505	1	0	0	NW_015504249.1-snap.13
Einit	476436	476583	+	16.095	0	1	2	NW_015504249.1-snap.14
Exon	480335	480519	+	29.311	2	0	0	NW_015504249.1-snap.14
Exon	486657	486801	+	17.035	0	1	2	NW_015504249.1-snap.14
Exon	493447	493589	+	15.251	2	0	2	NW_015504249.1-snap.14
Exon	500626	500706	+	21.017	0	0	0	NW_015504249.1-snap.14
Exon	502234	502300	+	5.456	0	1	0	NW_015504249.1-snap.14
Exon	508395	508550	+	33.398	2	1	1	NW_015504249.1-snap.14
Eterm	511535	511686	+	18.067	2	0	0	NW_015504249.1-snap.14
Einit	582031	582067	-	13.951	0	1	0	NW_015504249.1-snap.15
Exon	559662	559793	-	23.434	2	1	1	NW_015504249.1-snap.15
Exon	558001	558120	-	25.694	2	1	0	NW_015504249.1-snap.15
Exon	547510	547580	-	6.622	2	0	1	NW_015504249.1-snap.15
Exon	547359	547466	-	13.615	0	0	2	NW_015504249.1-snap.15
Exon	545281	545397	-	23.911	0	0	1	NW_015504249.1-snap.15
Exon	545141	545224	-	18.444	0	0	0	NW_015504249.1-snap.15
Exon	532647	532724	-	17.530	0	0	2	NW_015504249.1-snap.15
Exon	529772	529833	-	19.308	0	2	1	NW_015504249.1-snap.15
Eterm	526141	526165	-	12.486	1	0	1	NW_015504249.1-snap.15
Einit	526622	526672	+	9.823	0	0	1	NW_015504249.1-snap.16
Exon	538299	538408	+	19.764	0	2	2	NW_015504249.1-snap.16
Eterm	580973	580997	+	21.945	1	0	2	NW_015504249.1-snap.16
Einit	628298	628315	-	4.820	0	0	0	NW_015504249.1-snap.17
Exon	611315	611361	-	10.555	0	2	1	NW_015504249.1-snap.17
Exon	600108	600171	-	9.347	1	0	2	NW_015504249.1-snap.17
Exon	588933	589004	-	2.032	0	0	2	NW_015504249.1-snap.17
Eterm	586064	586105	-	6.748	0	0	0	NW_015504249.1-snap.17
Einit	587158	587222	+	1.969	0	2	0	NW_015504249.1-snap.18
Exon	592323	592382	+	17.734	1	2	0	NW_015504249.1-snap.18
Eterm	596797	597061	+	39.976	1	0	1	NW_015504249.1-snap.18
Einit	597063	597175	+	13.661	0	2	2	NW_015504249.1-snap.19
Eterm	627717	627813	+	11.015	1	0	0	NW_015504249.1-snap.19
Einit	648646	648732	-	6.888	0	0	1	NW_015504249.1-snap.20
Eterm	647233	647334	-	14.579	0	0	1	NW_015504249.1-snap.20
Einit	650890	651036	-	24.248	0	0	1	NW_015504249.1-snap.21
Exon	649830	649854	-	13.326	0	1	1	NW_015504249.1-snap.21
Eterm	649341	649381	-	10.888	2	0	2	NW_015504249.1-snap.21
Einit	664777	664842	-	10.016	0	0	1	NW_015504249.1-snap.22
Exon	664292	664456	-	35.436	0	0	0	NW_015504249.1-snap.22
Exon	663888	664034	-	42.056	0	0	2	NW_015504249.1-snap.22
Exon	661563	661704	-	33.688	0	1	1	NW_015504249.1-snap.22
Exon	658897	659109	-	56.833	2	1	0	NW_015504249.1-snap.22
Exon	657972	658109	-	36.190	2	1	1	NW_015504249.1-snap.22
Exon	657240	657385	-	29.293	2	0	2	NW_015504249.1-snap.22
Exon	656307	656443	-	1.254	0	2	0	NW_015504249.1-snap.22
Exon	655329	655459	-	19.556	1	1	1	NW_015504249.1-snap.22
Eterm	652819	652964	-	14.227	2	0	1	NW_015504249.1-snap.22
Einit	676865	676875	+	5.276	0	2	1	NW_015504249.1-snap.23
Eterm	680887	681079	+	4.001	1	0	1	NW_015504249.1-snap.23
Einit	693741	693774	+	6.338	0	1	2	NW_015504249.1-snap.24
Exon	730364	730446	+	11.459	2	0	0	NW_015504249.1-snap.24
Exon	747453	747549	+	23.494	0	1	2	NW_015504249.1-snap.24
Exon	768823	768851	+	9.674	2	0	2	NW_015504249.1-snap.24
Eterm	772000	772020	+	12.109	0	0	0	NW_015504249.1-snap.24
Einit	766803	767168	-	68.201	0	0	2	NW_015504249.1-snap.25
Exon	766012	766134	-	30.210	0	0	1	NW_015504249.1-snap.25
Exon	762493	762664	-	44.532	0	1	0	NW_015504249.1-snap.25
Eterm	761313	761956	-	132.342	2	0	2	NW_015504249.1-snap.25
Einit	773613	773671	+	-3.197	0	2	2	NW_015504249.1-snap.26
Exon	778784	779722	+	86.003	1	2	2	NW_015504249.1-snap.26
Eterm	793589	793718	+	20.727	1	0	2	NW_015504249.1-snap.26
Einit	838019	838148	-	30.283	0	1	2	NW_015504249.1-snap.27
Exon	835170	835303	-	38.120	2	0	2	NW_015504249.1-snap.27
Eterm	827953	828075	-	9.525	0	0	1	NW_015504249.1-snap.27
Einit	837640	837668	+	11.921	0	2	0	NW_015504249.1-snap.28
Eterm	853951	854122	+	8.276	1	0	1	NW_015504249.1-snap.28
Einit	870113	870251	-	25.852	0	1	2	NW_015504249.1-snap.29
Eterm	865116	865294	-	18.488	2	0	2	NW_015504249.1-snap.29
Einit	882372	882404	-	4.110	0	0	2	NW_015504249.1-snap.30
Eterm	882054	882260	-	31.432	0	0	2	NW_015504249.1-snap.30
Einit	893811	893867	-	0.070	0	0	2	NW_015504249.1-snap.31
Exon	892885	892997	-	16.339	0	2	2	NW_015504249.1-snap.31
Eterm	887295	887370	-	5.857	1	0	2	NW_015504249.1-snap.31
Einit	898926	899145	-	14.549	0	1	1	NW_015504249.1-snap.32
Eterm	896858	896919	-	13.014	2	0	0	NW_015504249.1-snap.32
Einit	931146	931156	+	2.034	0	2	2	NW_015504249.1-snap.33
Exon	935094	935175	+	19.284	1	0	0	NW_015504249.1-snap.33
Eterm	935826	935948	+	18.659	0	0	2	NW_015504249.1-snap.33
Einit	950820	950946	+	4.714	0	1	2	NW_015504249.1-snap.34
Eterm	955428	955540	+	10.203	2	0	1	NW_015504249.1-snap.34
Einit	961597	961731	-	8.683	0	0	1	NW_015504249.1-snap.35
Exon	955769	955845	-	5.683	0	2	1	NW_015504249.1-snap.35
Eterm	952764	952845	-	4.641	1	0	2	NW_015504249.1-snap.35
Einit	964050	964207	+	5.015	0	2	2	NW_015504249.1-snap.36
Eterm	974901	974937	+	12.602	1	0	0	NW_015504249.1-snap.36
Einit	978484	978499	+	1.838	0	1	0	NW_015504249.1-snap.37
Exon	978652	978786	+	27.402	2	1	2	NW_015504249.1-snap.37
Exon	979061	979102	+	13.452	2	1	0	NW_015504249.1-snap.37
Eterm	980005	980099	+	10.382	2	0	2	NW_015504249.1-snap.37
Einit	981995	982057	+	10.849	0	0	1	NW_015504249.1-snap.38
Eterm	987793	987954	+	4.060	0	0	0	NW_015504249.1-snap.38
Einit	987952	988043	-	10.739	0	2	2	NW_015504249.1-snap.39
Eterm	983187	983286	-	11.304	1	0	2	NW_015504249.1-snap.39
Einit	990257	990321	+	9.988	0	2	1	NW_015504249.1-snap.40
Exon	1014692	1014782	+	18.676	1	0	2	NW_015504249.1-snap.40
Eterm	1015044	1015232	+	12.186	0	0	2	NW_015504249.1-snap.40
Einit	1017350	1017493	+	12.564	0	0	1	NW_015504249.1-snap.41
Eterm	1042070	1042120	+	12.739	0	0	1	NW_015504249.1-snap.41
Einit	1051052	1051143	+	10.516	0	2	1	NW_015504249.1-snap.42
Eterm	1054229	1054427	+	37.278	1	0	2	NW_015504249.1-snap.42
Einit	1055682	1055820	+	20.965	0	1	2	NW_015504249.1-snap.43
Exon	1071514	1071896	+	19.211	2	0	2	NW_015504249.1-snap.43
Exon	1073790	1073905	+	23.382	0	2	2	NW_015504249.1-snap.43
Eterm	1086628	1086640	+	8.734	1	0	1	NW_015504249.1-snap.43
Einit	1098546	1099045	+	-8.342	0	2	2	NW_015504249.1-snap.44
Exon	1106609	1106724	+	16.839	1	1	2	NW_015504249.1-snap.44
Eterm	1134633	1134649	+	7.670	2	0	1	NW_015504249.1-snap.44
Einit	1133366	1133370	-	3.953	0	2	1	NW_015504249.1-snap.45
Exon	1112948	1113080	-	29.894	1	0	0	NW_015504249.1-snap.45
Eterm	1100272	1100346	-	11.010	0	0	1	NW_015504249.1-snap.45
Einit	1139678	1139691	+	3.314	0	2	1	NW_015504249.1-snap.46
Eterm	1145839	1146055	+	-1.849	1	0	1	NW_015504249.1-snap.46
Einit	1179489	1179529	+	10.917	0	2	2	NW_015504249.1-snap.47
Eterm	1182144	1182768	+	33.666	1	0	0	NW_015504249.1-snap.47
Einit	1233636	1233657	+	2.874	0	1	2	NW_015504249.1-snap.48
Exon	1256862	1256968	+	13.080	2	0	1	NW_015504249.1-snap.48
Exon	1257394	1257591	+	23.527	0	0	0	NW_015504249.1-snap.48
Exon	1273633	1273743	+	17.363	0	0	0	NW_015504249.1-snap.48
Exon	1282879	1283015	+	15.095	0	2	0	NW_015504249.1-snap.48
Exon	1289369	1289499	+	24.177	1	1	2	NW_015504249.1-snap.48
Exon	1291811	1291911	+	14.188	2	0	0	NW_015504249.1-snap.48
Eterm	1295671	1295820	+	12.162	0	0	0	NW_015504249.1-snap.48
Einit	1253288	1253322	-	10.118	0	2	1	NW_015504249.1-snap.49
Exon	1250998	1251185	-	19.250	1	1	0	NW_015504249.1-snap.49
Eterm	1236896	1236975	-	16.152	2	0	0	NW_015504249.1-snap.49
Esngl	1285735	1286049	-	15.442	0	0	1	NW_015504249.1-snap.50
Einit	1375573	1375629	+	4.686	0	0	0	NW_015504249.1-snap.51
Eterm	1381406	1381531	+	9.388	0	0	1	NW_015504249.1-snap.51
Esngl	1393120	1393377	+	28.565	0	0	0	NW_015504249.1-snap.52
Einit	1462644	1462801	+	6.072	0	2	2	NW_015504249.1-snap.53
Eterm	1467474	1467696	+	15.254	1	0	0	NW_015504249.1-snap.53
Einit	1467368	1467392	-	7.968	0	1	2	NW_015504249.1-snap.54
Eterm	1463705	1463880	-	17.847	2	0	0	NW_015504249.1-snap.54
Einit	1512818	1512911	-	4.630	0	1	2	NW_015504249.1-snap.55
Eterm	1509008	1509126	-	13.684	2	0	0	NW_015504249.1-snap.55
Einit	1513833	1513881	+	1.283	0	1	2	NW_015504249.1-snap.56
Exon	1518000	1518139	+	8.199	2	0	1	NW_015504249.1-snap.56
Eterm	1521403	1521498	+	13.972	0	0	0	NW_015504249.1-snap.56
Einit	1523463	1523529	+	9.594	0	1	2	NW_015504249.1-snap.57
Eterm	1541901	1542121	+	32.084	2	0	1	NW_015504249.1-snap.57
Einit	1569372	1569694	-	17.365	0	2	0	NW_015504249.1-snap.58
Eterm	1568615	1568726	-	13.183	1	0	0	NW_015504249.1-snap.58
Einit	1593208	1593223	+	-1.091	0	1	0	NW_015504249.1-snap.59
Exon	1594231	1594463	+	10.666	2	0	2	NW_015504249.1-snap.59
Eterm	1595008	1595052	+	7.181	0	0	0	NW_015504249.1-snap.59
Esngl	1596498	1596728	-	15.111	0	0	2	NW_015504249.1-snap.60
Einit	1600185	1600259	+	16.374	0	0	2	NW_015504249.1-snap.61
Exon	1601724	1601825	+	3.734	0	0	2	NW_015504249.1-snap.61
Eterm	1602321	1602500	+	7.170	0	0	2	NW_015504249.1-snap.61
Einit	1624038	1624253	-	39.433	0	0	2	NW_015504249.1-snap.62
Exon	1623780	1623839	-	19.414	0	0	2	NW_015504249.1-snap.62
Exon	1618363	1618503	-	41.068	0	0	1	NW_015504249.1-snap.62
Exon	1617945	1618064	-	35.950	0	0	2	NW_015504249.1-snap.62
Exon	1616891	1617048	-	38.878	0	2	1	NW_015504249.1-snap.62
Eterm	1615081	1615186	-	23.994	1	0	1	NW_015504249.1-snap.62
Einit	1615156	1615289	+	17.718	0	2	0	NW_015504249.1-snap.63
Exon	1619034	1619170	+	18.276	1	1	0	NW_015504249.1-snap.63
Exon	1619210	1619376	+	2.352	2	0	0	NW_015504249.1-snap.63
Exon	1653133	1653200	+	15.889	0	2	0	NW_015504249.1-snap.63
Eterm	1658546	1658678	+	18.819	1	0	2	NW_015504249.1-snap.63
Einit	1695756	1695767	-	8.468	0	0	2	NW_015504249.1-snap.64
Exon	1668096	1668102	-	18.959	0	1	1	NW_015504249.1-snap.64
Exon	1651596	1651627	-	9.533	2	0	2	NW_015504249.1-snap.64
Exon	1638552	1638643	-	17.305	0	2	0	NW_015504249.1-snap.64
Eterm	1625686	1625803	-	2.420	1	0	1	NW_015504249.1-snap.64
Einit	1659481	1659585	+	10.521	0	0	0	NW_015504249.1-snap.65
Exon	1671838	1671966	+	10.339	0	0	0	NW_015504249.1-snap.65
Eterm	1689815	1690048	+	17.691	0	0	1	NW_015504249.1-snap.65
Einit	1703501	1703932	-	93.337	0	0	0	NW_015504249.1-snap.66
Exon	1701667	1701830	-	31.541	0	2	2	NW_015504249.1-snap.66
Exon	1699656	1699786	-	29.351	1	1	1	NW_015504249.1-snap.66
Eterm	1699063	1699259	-	36.089	2	0	1	NW_015504249.1-snap.66
Einit	1699332	1699338	+	4.075	0	1	2	NW_015504249.1-snap.67
Exon	1703686	1703895	+	11.104	2	1	2	NW_015504249.1-snap.67
Eterm	1711050	1711099	+	-0.851	2	0	1	NW_015504249.1-snap.67
Einit	1713574	1713644	+	0.538	0	2	0	NW_015504249.1-snap.68
Exon	1730742	1730793	+	16.898	1	0	0	NW_015504249.1-snap.68
Exon	1731059	1731123	+	13.376	0	2	1	NW_015504249.1-snap.68
Eterm	1732733	1732748	+	3.580	1	0	2	NW_015504249.1-snap.68
Einit	1789340	1789389	-	-7.488	0	2	1	NW_015504249.1-snap.69
Exon	1788660	1788848	-	41.964	1	2	0	NW_015504249.1-snap.69
Exon	1786685	1786828	-	34.969	1	2	1	NW_015504249.1-snap.69
Exon	1781451	1781550	-	39.608	1	0	2	NW_015504249.1-snap.69
Exon	1778742	1778907	-	35.285	0	1	1	NW_015504249.1-snap.69
Exon	1776665	1776816	-	26.194	2	0	0	NW_015504249.1-snap.69
Exon	1775408	1775521	-	30.459	0	0	0	NW_015504249.1-snap.69
Exon	1764371	1764535	-	10.046	0	0	0	NW_015504249.1-snap.69
Exon	1752724	1752897	-	29.387	0	0	1	NW_015504249.1-snap.69
Exon	1751041	1751160	-	15.843	0	0	1	NW_015504249.1-snap.69
Eterm	1734260	1734283	-	8.301	0	0	0	NW_015504249.1-snap.69
Einit	1734402	1734455	+	4.010	0	0	2	NW_015504249.1-snap.70
Exon	1773895	1773966	+	13.982	0	0	0	NW_015504249.1-snap.70
Eterm	1786716	1786832	+	10.115	0	0	2	NW_015504249.1-snap.70
Einit	1802597	1802768	-	32.873	0	1	2	NW_015504249.1-snap.71
Exon	1800684	1801090	-	81.520	2	0	2	NW_015504249.1-snap.71
Exon	1798961	1799026	-	21.771	0	0	0	NW_015504249.1-snap.71
Eterm	1794599	1794790	-	33.864	0	0	0	NW_015504249.1-snap.71
Einit	1877362	1877388	-	-0.501	0	0	1	NW_015504249.1-snap.72
Exon	1854910	1855082	-	30.352	0	2	2	NW_015504249.1-snap.72
Exon	1854058	1854160	-	33.009	1	0	1	NW_015504249.1-snap.72
Exon	1852646	1852772	-	35.377	0	1	2	NW_015504249.1-snap.72
Exon	1850363	1850472	-	32.175	2	0	0	NW_015504249.1-snap.72
Exon	1847729	1847841	-	36.345	0	2	1	NW_015504249.1-snap.72
Exon	1845261	1845379	-	31.859	1	1	1	NW_015504249.1-snap.72
Exon	1836960	1837015	-	29.462	2	0	2	NW_015504249.1-snap.72
Exon	1835650	1835856	-	40.288	0	0	1	NW_015504249.1-snap.72
Exon	1834692	1834812	-	29.230	0	1	1	NW_015504249.1-snap.72
Exon	1833768	1833926	-	34.169	2	1	1	NW_015504249.1-snap.72
Exon	1824775	1824888	-	28.795	2	1	0	NW_015504249.1-snap.72
Exon	1820926	1821036	-	29.444	2	1	0	NW_015504249.1-snap.72
Exon	1817886	1818061	-	27.217	2	0	2	NW_015504249.1-snap.72
Exon	1816448	1816585	-	37.130	0	0	0	NW_015504249.1-snap.72
Exon	1814462	1814566	-	29.552	0	0	0	NW_015504249.1-snap.72
Exon	1810594	1810697	-	26.056	0	2	2	NW_015504249.1-snap.72
Exon	1810224	1810326	-	28.053	1	0	2	NW_015504249.1-snap.72
Eterm	1803663	1803734	-	9.975	0	0	2	NW_015504249.1-snap.72
Einit	1924162	1924210	-	-1.891	0	1	0	NW_015504249.1-snap.73
Eterm	1890259	1890467	-	-5.017	2	0	1	NW_015504249.1-snap.73
Einit	1890596	1890605	+	4.853	0	1	1	NW_015504249.1-snap.74
Exon	1903371	1903490	+	28.946	2	1	1	NW_015504249.1-snap.74
Exon	1907105	1907170	+	23.567	2	1	0	NW_015504249.1-snap.74
Exon	1909193	1909296	+	28.352	2	0	0	NW_015504249.1-snap.74
Exon	1910332	1910463	+	31.824	0	0	0	NW_015504249.1-snap.74
Exon	1912449	1912552	+	21.443	0	2	2	NW_015504249.1-snap.74
Exon	1917616	1917708	+	1.580	1	2	1	NW_015504249.1-snap.74
Exon	1923260	1923266	+	7.283	1	0	2	NW_015504249.1-snap.74
Eterm	1924468	1924596	+	0.732	0	0	0	NW_015504249.1-snap.74
Einit	1954075	1954205	-	27.651	0	2	2	NW_015504249.1-snap.75
Exon	1949386	1949546	-	32.063	1	1	0	NW_015504249.1-snap.75
Exon	1948488	1948699	-	45.505	2	0	2	NW_015504249.1-snap.75
Exon	1947133	1947300	-	28.426	0	0	1	NW_015504249.1-snap.75
Exon	1945567	1945683	-	20.228	0	0	1	NW_015504249.1-snap.75
Exon	1943931	1944395	-	101.059	0	0	2	NW_015504249.1-snap.75
Exon	1938048	1938165	-	33.089	0	1	1	NW_015504249.1-snap.75
Exon	1935371	1935499	-	38.287	2	1	2	NW_015504249.1-snap.75
Eterm	1933482	1934296	-	150.520	2	0	2	NW_015504249.1-snap.75
Einit	1955898	1955993	+	16.830	0	0	2	NW_015504249.1-snap.76
Eterm	1966078	1966194	+	12.685	0	0	0	NW_015504249.1-snap.76
Einit	1980277	1980329	+	11.897	0	2	0	NW_015504249.1-snap.77
Eterm	1988031	1988292	+	37.501	1	0	0	NW_015504249.1-snap.77
Einit	2017266	2017330	+	5.781	0	2	2	NW_015504249.1-snap.78
Exon	2028330	2028475	+	35.451	1	1	0	NW_015504249.1-snap.78
Exon	2029487	2029575	+	19.216	2	0	0	NW_015504249.1-snap.78
Exon	2045837	2045943	+	22.130	0	2	1	NW_015504249.1-snap.78
Eterm	2059919	2059937	+	4.659	1	0	2	NW_015504249.1-snap.78
Einit	2061492	2061548	+	14.485	0	0	2	NW_015504249.1-snap.79
Exon	2082794	2082851	+	19.934	0	1	1	NW_015504249.1-snap.79
Eterm	2090106	2090179	+	13.314	2	0	1	NW_015504249.1-snap.79
Einit	2090173	2090270	-	-1.598	0	2	2	NW_015504249.1-snap.80
Exon	2088742	2088822	-	19.803	1	2	2	NW_015504249.1-snap.80
Exon	2086701	2086726	-	19.735	1	1	1	NW_015504249.1-snap.80
Exon	2082017	2082106	-	31.023	2	1	2	NW_015504249.1-snap.80
Exon	2079361	2079449	-	27.346	2	0	1	NW_015504249.1-snap.80
Eterm	2078151	2078279	-	41.903	0	0	2	NW_015504249.1-snap.80
Einit	2096802	2096813	+	5.438	0	0	2	NW_015504249.1-snap.81
Exon	2100673	2100867	+	44.925	0	0	0	NW_015504249.1-snap.81
Exon	2107007	2107185	+	33.319	0	2	1	NW_015504249.1-snap.81
Exon	2113298	2113410	+	34.691	1	1	2	NW_015504249.1-snap.81
Exon	2115140	2115279	+	40.726	2	0	0	NW_015504249.1-snap.81
Exon	2115849	2115859	+	6.648	0	2	2	NW_015504249.1-snap.81
Exon	2161843	2161892	+	16.361	1	1	1	NW_015504249.1-snap.81
Eterm	2166386	2166513	+	9.642	2	0	0	NW_015504249.1-snap.81
Einit	2168870	2168881	+	8.297	0	0	1	NW_015504249.1-snap.82
Exon	2182724	2182933	+	30.155	0	0	1	NW_015504249.1-snap.82
Exon	2186105	2186278	+	49.096	0	0	1	NW_015504249.1-snap.82
Exon	2186828	2186917	+	17.848	0	0	1	NW_015504249.1-snap.82
Exon	2187448	2187609	+	42.661	0	0	0	NW_015504249.1-snap.82
Exon	2188756	2188874	+	35.818	0	2	0	NW_015504249.1-snap.82
Eterm	2189358	2189430	+	22.580	1	0	0	NW_015504249.1-snap.82
Einit	2210132	2210185	+	3.586	0	0	1	NW_015504249.1-snap.83
Exon	2211889	2211985	+	41.441	0	1	0	NW_015504249.1-snap.83
Exon	2217070	2217143	+	31.546	2	0	2	NW_015504249.1-snap.83
Exon	2220699	2220809	+	36.797	0	0	2	NW_015504249.1-snap.83
Exon	2223099	2223239	+	35.537	0	0	2	NW_015504249.1-snap.83
Eterm	2231649	2231696	+	22.638	0	0	2	NW_015504249.1-snap.83
Einit	2242416	2242444	-	-0.436	0	2	0	NW_015504249.1-snap.84
Exon	2236109	2236268	-	29.819	1	0	0	NW_015504249.1-snap.84
Exon	2235891	2235998	-	17.354	0	0	2	NW_015504249.1-snap.84
Eterm	2235019	2235153	-	18.719	0	0	1	NW_015504249.1-snap.84
Einit	2273804	2273898	-	12.107	0	2	1	NW_015504249.1-snap.85
Eterm	2271756	2271888	-	12.009	1	0	2	NW_015504249.1-snap.85
Einit	2275895	2275955	+	7.501	0	1	1	NW_015504249.1-snap.86
Exon	2279661	2279710	+	5.794	2	0	1	NW_015504249.1-snap.86
Exon	2281351	2281449	+	16.578	0	0	0	NW_015504249.1-snap.86
Exon	2284743	2284882	+	15.492	0	2	2	NW_015504249.1-snap.86
Eterm	2285334	2285343	+	11.325	1	0	0	NW_015504249.1-snap.86
Einit	2283742	2283962	-	21.122	0	2	2	NW_015504249.1-snap.87
Eterm	2277562	2277586	-	6.524	1	0	1	NW_015504249.1-snap.87
Einit	2334224	2334358	+	13.766	0	0	1	NW_015504249.1-snap.88
Eterm	2339315	2339530	+	-0.995	0	0	1	NW_015504249.1-snap.88
Einit	2356834	2356868	+	-0.059	0	2	0	NW_015504249.1-snap.89
Exon	2357485	2357710	+	19.900	1	0	1	NW_015504249.1-snap.89
Exon	2362429	2362486	+	19.263	0	1	0	NW_015504249.1-snap.89
Eterm	2365747	2365775	+	2.136	2	0	2	NW_015504249.1-snap.89
Einit	2366913	2367375	+	9.857	0	1	2	NW_015504249.1-snap.90
Exon	2376584	2377113	+	113.691	2	0	0	NW_015504249.1-snap.90
Eterm	2379123	2379254	+	40.154	0	0	2	NW_015504249.1-snap.90
Einit	2427939	2428065	-	20.065	0	1	1	NW_015504249.1-snap.91
Eterm	2412125	2412213	-	-0.014	2	0	0	NW_015504249.1-snap.91
Einit	2412150	2412194	+	3.106	0	0	2	NW_015504249.1-snap.92
Exon	2417626	2417777	+	19.026	0	2	0	NW_015504249.1-snap.92
Eterm	2421693	2421894	+	18.367	1	0	0	NW_015504249.1-snap.92
Einit	2432230	2432314	+	8.604	0	1	0	NW_015504249.1-snap.93
Eterm	2436736	2436836	+	29.636	2	0	2	NW_015504249.1-snap.93
Einit	2458111	2458163	-	8.604	0	2	2	NW_015504249.1-snap.94
Exon	2457138	2457166	-	18.152	1	1	1	NW_015504249.1-snap.94
Eterm	2455413	2455513	-	4.938	2	0	2	NW_015504249.1-snap.94
Einit	2469891	2469977	+	8.075	0	0	2	NW_015504249.1-snap.95
Eterm	2470979	2471092	+	22.332	0	0	1	NW_015504249.1-snap.95
Einit	2471817	2471832	+	11.799	0	1	2	NW_015504249.1-snap.96
Exon	2472798	2472905	+	17.025	2	1	1	NW_015504249.1-snap.96
Eterm	2489779	2489897	+	-6.491	2	0	2	NW_015504249.1-snap.96
Einit	2493049	2493153	+	7.689	0	0	0	NW_015504249.1-snap.97
Eterm	2501403	2501603	+	-1.018	0	0	2	NW_015504249.1-snap.97
Esngl	2502081	2502308	-	12.784	0	0	2	NW_015504249.1-snap.98
Einit	2510158	2510164	+	4.285	0	1	0	NW_015504249.1-snap.99
Exon	2516446	2516549	+	15.712	2	0	2	NW_015504249.1-snap.99
Exon	2517713	2517817	+	14.093	0	0	1	NW_015504249.1-snap.99
Eterm	2518916	2518930	+	6.931	0	0	1	NW_015504249.1-snap.99
Einit	2593199	2593255	-	0.872	0	0	0	NW_015504249.1-snap.100
Exon	2585256	2585396	-	20.184	0	0	2	NW_015504249.1-snap.100
Exon	2571485	2571529	-	11.628	0	0	0	NW_015504249.1-snap.100
Exon	2541380	2541438	-	15.138	0	2	1	NW_015504249.1-snap.100
Eterm	2540748	2540778	-	8.305	1	0	2	NW_015504249.1-snap.100
Einit	2600477	2600541	+	3.039	0	2	1	NW_015504249.1-snap.101
Exon	2602674	2602722	+	8.179	1	0	0	NW_015504249.1-snap.101
Exon	2608112	2608225	+	11.453	0	0	1	NW_015504249.1-snap.101
Eterm	2619333	2619362	+	-0.515	0	0	2	NW_015504249.1-snap.101
Einit	2624965	2625075	+	-2.952	0	0	0	NW_015504249.1-snap.102
Eterm	2628758	2629045	+	19.140	0	0	1	NW_015504249.1-snap.102
Einit	2644883	2644957	-	4.612	0	0	0	NW_015504249.1-snap.103
Eterm	2635900	2636004	-	11.159	0	0	1	NW_015504249.1-snap.103
Einit	2662930	2662951	-	1.045	0	1	0	NW_015504249.1-snap.104
Eterm	2655511	2655716	-	4.385	2	0	1	NW_015504249.1-snap.104
Einit	2655520	2655646	+	-2.914	0	1	0	NW_015504249.1-snap.105
Eterm	2662918	2663045	+	20.317	2	0	2	NW_015504249.1-snap.105
Einit	2664590	2664754	+	9.936	0	0	1	NW_015504249.1-snap.106
Eterm	2683852	2683938	+	10.739	0	0	0	NW_015504249.1-snap.106
Einit	2682507	2682575	-	5.395	0	0	2	NW_015504249.1-snap.107
Eterm	2671052	2671165	-	5.481	0	0	0	NW_015504249.1-snap.107
Einit	2694803	2694815	-	3.686	0	1	2	NW_015504249.1-snap.108
Eterm	2685845	2686236	-	-3.438	2	0	0	NW_015504249.1-snap.108
Einit	2700748	2700931	+	12.929	0	1	0	NW_015504249.1-snap.109
Eterm	2709438	2709448	+	7.892	2	0	1	NW_015504249.1-snap.109
Einit	2773738	2773853	-	0.497	0	2	2	NW_015504249.1-snap.110
Exon	2763386	2763524	-	18.995	1	0	0	NW_015504249.1-snap.110
Eterm	2758612	2758632	-	13.362	0	0	1	NW_015504249.1-snap.110
Einit	2794929	2794984	-	11.144	0	2	0	NW_015504249.1-snap.111
Exon	2789988	2790106	-	26.749	1	1	1	NW_015504249.1-snap.111
Eterm	2788643	2788659	-	5.149	2	0	0	NW_015504249.1-snap.111
Einit	2839668	2839765	+	3.867	0	2	2	NW_015504249.1-snap.112
Exon	2845151	2845254	+	-0.944	1	1	2	NW_015504249.1-snap.112
Eterm	2845486	2845610	+	4.381	2	0	2	NW_015504249.1-snap.112
Einit	2842451	2842574	-	9.610	0	1	2	NW_015504249.1-snap.113
Eterm	2841413	2841525	-	2.479	2	0	0	NW_015504249.1-snap.113
Einit	2930997	2931069	+	5.820	0	1	2	NW_015504249.1-snap.114
Exon	2936567	2936683	+	19.654	2	1	0	NW_015504249.1-snap.114
Eterm	2937596	2937738	+	7.777	2	0	0	NW_015504249.1-snap.114
Einit	2936655	2936729	-	7.562	0	0	2	NW_015504249.1-snap.115
Eterm	2931266	2931400	-	12.009	0	0	0	NW_015504249.1-snap.115
Einit	2937744	2938027	+	23.745	0	2	2	NW_015504249.1-snap.116
Eterm	2941974	2942067	+	18.156	1	0	0	NW_015504249.1-snap.116
Einit	2946812	2946892	+	11.069	0	0	1	NW_015504249.1-snap.117
Exon	2948701	2948824	+	13.327	0	1	0	NW_015504249.1-snap.117
Eterm	2952567	2952586	+	11.176	2	0	1	NW_015504249.1-snap.117
Esngl	2972079	2972438	-	27.741	0	0	2	NW_015504249.1-snap.118
Einit	2975075	2975370	-	21.444	0	2	1	NW_015504249.1-snap.119
Eterm	2973175	2973352	-	23.737	1	0	1	NW_015504249.1-snap.119
Einit	2983787	2983823	-	-0.302	0	1	2	NW_015504249.1-snap.120
Eterm	2979303	2979490	-	7.922	2	0	2	NW_015504249.1-snap.120
Einit	3017247	3017354	+	9.856	0	0	2	NW_015504249.1-snap.121
Exon	3018676	3018789	+	15.432	0	0	0	NW_015504249.1-snap.121
Eterm	3023949	3024044	+	9.506	0	0	2	NW_015504249.1-snap.121
Einit	3027175	3027247	+	15.360	0	1	0	NW_015504249.1-snap.122
Exon	3027640	3027774	+	23.624	2	1	2	NW_015504249.1-snap.122
Eterm	3031781	3031959	+	35.257	2	0	0	NW_015504249.1-snap.122
Einit	3048143	3048170	-	8.540	0	1	2	NW_015504249.1-snap.123
Eterm	3032033	3032214	-	11.747	2	0	0	NW_015504249.1-snap.123
Einit	3032962	3032970	+	5.923	0	0	0	NW_015504249.1-snap.124
Exon	3035254	3035403	+	13.148	0	0	0	NW_015504249.1-snap.124
Exon	3046924	3047028	+	17.770	0	0	0	NW_015504249.1-snap.124
Exon	3048094	3048203	+	11.315	0	2	0	NW_015504249.1-snap.124
Eterm	3050646	3051348	+	25.643	1	0	0	NW_015504249.1-snap.124
Einit	3089499	3089522	-	4.918	0	0	2	NW_015504249.1-snap.125
Exon	3088556	3088621	-	20.460	0	0	0	NW_015504249.1-snap.125
Eterm	3051689	3051877	-	23.231	0	0	0	NW_015504249.1-snap.125
Einit	3053553	3053700	+	29.234	0	1	2	NW_015504249.1-snap.126
Eterm	3055901	3055938	+	18.071	2	0	0	NW_015504249.1-snap.126
Einit	3057106	3057150	+	5.254	0	0	0	NW_015504249.1-snap.127
Exon	3071455	3071504	+	23.404	0	2	0	NW_015504249.1-snap.127
Eterm	3085934	3086051	+	18.197	1	0	2	NW_015504249.1-snap.127
Einit	3110623	3110742	-	9.705	0	0	1	NW_015504249.1-snap.128
Eterm	3093413	3093526	-	11.253	0	0	0	NW_015504249.1-snap.128
Einit	3107660	3107731	+	9.913	0	0	1	NW_015504249.1-snap.129
Eterm	3113106	3113234	+	13.627	0	0	2	NW_015504249.1-snap.129
Einit	3171618	3171655	-	6.447	0	2	0	NW_015504249.1-snap.130
Exon	3152200	3152231	-	8.086	1	1	0	NW_015504249.1-snap.130
Exon	3141194	3141345	-	41.605	2	0	0	NW_015504249.1-snap.130
Exon	3140605	3140711	-	30.382	0	2	2	NW_015504249.1-snap.130
Exon	3140060	3140193	-	44.228	1	1	2	NW_015504249.1-snap.130
Exon	3138930	3139111	-	49.967	2	0	2	NW_015504249.1-snap.130
Exon	3137487	3137576	-	27.154	0	0	2	NW_015504249.1-snap.130
Exon	3135390	3135542	-	44.883	0	0	2	NW_015504249.1-snap.130
Exon	3133897	3134022	-	37.791	0	0	1	NW_015504249.1-snap.130
Exon	3133038	3133145	-	23.448	0	0	2	NW_015504249.1-snap.130
Eterm	3121320	3121439	-	13.025	0	0	2	NW_015504249.1-snap.130
Einit	3126998	3127081	+	8.810	0	0	1	NW_015504249.1-snap.131
Exon	3133049	3133128	+	14.272	0	2	1	NW_015504249.1-snap.131
Eterm	3171378	3171402	+	1.618	1	0	0	NW_015504249.1-snap.131
Einit	3220359	3220551	-	9.510	0	1	1	NW_015504249.1-snap.132
Exon	3198842	3198993	-	20.326	2	0	0	NW_015504249.1-snap.132
Exon	3194507	3194539	-	13.932	0	0	0	NW_015504249.1-snap.132
Exon	3190777	3190824	-	20.538	0	0	1	NW_015504249.1-snap.132
Eterm	3189557	3189592	-	4.242	0	0	0	NW_015504249.1-snap.132
Einit	3222012	3222110	-	18.729	0	0	2	NW_015504249.1-snap.133
Eterm	3220713	3221249	-	38.307	0	0	2	NW_015504249.1-snap.133
Einit	3228296	3228309	+	4.732	0	2	1	NW_015504249.1-snap.134
Exon	3252263	3252389	+	13.826	1	0	2	NW_015504249.1-snap.134
Exon	3254493	3255287	+	53.109	0	0	2	NW_015504249.1-snap.134
Exon	3256795	3256839	+	19.333	0	0	0	NW_015504249.1-snap.134
Exon	3275952	3275992	+	11.197	0	2	2	NW_015504249.1-snap.134
Exon	3279295	3279349	+	23.433	1	0	1	NW_015504249.1-snap.134
Exon	3280941	3281858	+	124.376	0	0	2	NW_015504249.1-snap.134
Exon	3285474	3285562	+	33.573	0	2	2	NW_015504249.1-snap.134
Exon	3286161	3286401	+	53.203	1	0	0	NW_015504249.1-snap.134
Exon	3290637	3290731	+	25.221	0	2	2	NW_015504249.1-snap.134
Exon	3290765	3290783	+	7.802	1	0	2	NW_015504249.1-snap.134
Exon	3291529	3291623	+	25.221	0	2	0	NW_015504249.1-snap.134
Exon	3292245	3292308	+	26.343	1	0	0	NW_015504249.1-snap.134
Exon	3292423	3292559	+	49.290	0	2	0	NW_015504249.1-snap.134
Exon	3293461	3293532	+	24.963	1	2	1	NW_015504249.1-snap.134
Exon	3294676	3294769	+	31.642	1	0	1	NW_015504249.1-snap.134
Exon	3295595	3295638	+	20.399	0	2	1	NW_015504249.1-snap.134
Exon	3297940	3298160	+	50.797	1	1	1	NW_015504249.1-snap.134
Eterm	3301008	3301135	+	24.706	2	0	1	NW_015504249.1-snap.134
Einit	3314717	3314720	-	3.925	0	1	2	NW_015504249.1-snap.135
Exon	3296508	3296620	-	7.273	2	0	2	NW_015504249.1-snap.135
Exon	3260386	3260522	-	14.868	0	2	2	NW_015504249.1-snap.135
Eterm	3228862	3228910	-	18.121	1	0	1	NW_015504249.1-snap.135
Einit	3317239	3317392	-	30.569	0	1	0	NW_015504249.1-snap.136
Eterm	3316349	3316443	-	21.614	2	0	0	NW_015504249.1-snap.136
Einit	3338566	3338615	-	10.464	0	2	2	NW_015504249.1-snap.137
Eterm	3320324	3320453	-	16.562	1	0	0	NW_015504249.1-snap.137
Einit	3320931	3321063	+	28.692	0	1	2	NW_015504249.1-snap.138
Eterm	3322174	3323144	+	161.577	2	0	2	NW_015504249.1-snap.138
Einit	3324000	3324044	+	6.472	0	0	2	NW_015504249.1-snap.139
Eterm	3339643	3339819	+	19.443	0	0	0	NW_015504249.1-snap.139
Esngl	3357850	3358467	-	-6.375	0	0	1	NW_015504249.1-snap.140
Einit	3368056	3368194	-	6.621	0	1	0	NW_015504249.1-snap.141
Eterm	3360678	3360724	-	9.165	2	0	2	NW_015504249.1-snap.141
